[    0.000000] Initializing cgroup subsys cpuset
[    0.000000] Initializing cgroup subsys cpu
[    0.000000] Initializing cgroup subsys cpuacct
[    0.000000] Linux version 4.4.0-184-generic (buildd@lgw01-amd64-060) (gcc version 5.4.0 20160609 (Ubuntu 5.4.0-6ubuntu1~16.04.12) ) #214-Ubuntu SMP Thu Jun 4 10:14:11 UTC 2020 (Ubuntu 4.4.0-184.214-generic 4.4.223)
[    0.000000] Command line: BOOT_IMAGE=/boot/vmlinuz-4.4.0-184-generic root=LABEL=cloudimg-rootfs ro console=tty1 console=ttyS0
[    0.000000] KERNEL supported cpus:
[    0.000000]   Intel GenuineIntel
[    0.000000]   AMD AuthenticAMD
[    0.000000]   Centaur CentaurHauls
[    0.000000] x86/fpu: xstate_offset[2]:  576, xstate_sizes[2]:  256
[    0.000000] x86/fpu: Supporting XSAVE feature 0x01: 'x87 floating point registers'
[    0.000000] x86/fpu: Supporting XSAVE feature 0x02: 'SSE registers'
[    0.000000] x86/fpu: Supporting XSAVE feature 0x04: 'AVX registers'
[    0.000000] x86/fpu: Enabled xstate features 0x7, context size is 832 bytes, using 'standard' format.
[    0.000000] e820: BIOS-provided physical RAM map:
[    0.000000] BIOS-e820: [mem 0x0000000000000000-0x000000000009fbff] usable
[    0.000000] BIOS-e820: [mem 0x000000000009fc00-0x000000000009ffff] reserved
[    0.000000] BIOS-e820: [mem 0x00000000000f0000-0x00000000000fffff] reserved
[    0.000000] BIOS-e820: [mem 0x0000000000100000-0x000000003ffeffff] usable
[    0.000000] BIOS-e820: [mem 0x000000003fff0000-0x000000003fffffff] ACPI data
[    0.000000] BIOS-e820: [mem 0x00000000fec00000-0x00000000fec00fff] reserved
[    0.000000] BIOS-e820: [mem 0x00000000fee00000-0x00000000fee00fff] reserved
[    0.000000] BIOS-e820: [mem 0x00000000fffc0000-0x00000000ffffffff] reserved
[    0.000000] NX (Execute Disable) protection: active
[    0.000000] SMBIOS 2.5 present.
[    0.000000] Hypervisor detected: KVM
[    0.000000] e820: last_pfn = 0x3fff0 max_arch_pfn = 0x400000000
[    0.000000] MTRR: Disabled
[    0.000000] x86/PAT: MTRRs disabled, skipping PAT initialization too.
[    0.000000] CPU MTRRs all blank - virtualized system.
[    0.000000] x86/PAT: Configuration [0-7]: WB  WT  UC- UC  WB  WT  UC- UC  
[    0.000000] found SMP MP-table at [mem 0x0009fff0-0x0009ffff] mapped at [ffff88000009fff0]
[    0.000000] Scanning 1 areas for low memory corruption
[    0.000000] RAMDISK: [mem 0x362de000-0x37166fff]
[    0.000000] ACPI: Early table checksum verification disabled
[    0.000000] ACPI: RSDP 0x00000000000E0000 000024 (v02 VBOX  )
[    0.000000] ACPI: XSDT 0x000000003FFF0030 00003C (v01 VBOX   VBOXXSDT 00000001 ASL  00000061)
[    0.000000] ACPI: FACP 0x000000003FFF00F0 0000F4 (v04 VBOX   VBOXFACP 00000001 ASL  00000061)
[    0.000000] ACPI: DSDT 0x000000003FFF0470 002325 (v02 VBOX   VBOXBIOS 00000002 INTL 20100528)
[    0.000000] ACPI: FACS 0x000000003FFF0200 000040
[    0.000000] ACPI: FACS 0x000000003FFF0200 000040
[    0.000000] ACPI: APIC 0x000000003FFF0240 00005C (v02 VBOX   VBOXAPIC 00000001 ASL  00000061)
[    0.000000] ACPI: SSDT 0x000000003FFF02A0 0001CC (v01 VBOX   VBOXCPUT 00000002 INTL 20100528)
[    0.000000] No NUMA configuration found
[    0.000000] Faking a node at [mem 0x0000000000000000-0x000000003ffeffff]
[    0.000000] NODE_DATA(0) allocated [mem 0x3ffeb000-0x3ffeffff]
[    0.000000] kvm-clock: Using msrs 4b564d01 and 4b564d00
[    0.000000] kvm-clock: cpu 0, msr 0:3ffe3001, primary cpu clock
[    0.000000] kvm-clock: using sched offset of 3372438389 cycles
[    0.000000] clocksource: kvm-clock: mask: 0xffffffffffffffff max_cycles: 0x1cd42e4dffb, max_idle_ns: 881590591483 ns
[    0.000000] Zone ranges:
[    0.000000]   DMA      [mem 0x0000000000001000-0x0000000000ffffff]
[    0.000000]   DMA32    [mem 0x0000000001000000-0x000000003ffeffff]
[    0.000000]   Normal   empty
[    0.000000]   Device   empty
[    0.000000] Movable zone start for each node
[    0.000000] Early memory node ranges
[    0.000000]   node   0: [mem 0x0000000000001000-0x000000000009efff]
[    0.000000]   node   0: [mem 0x0000000000100000-0x000000003ffeffff]
[    0.000000] Initmem setup node 0 [mem 0x0000000000001000-0x000000003ffeffff]
[    0.000000] ACPI: PM-Timer IO Port: 0x4008
[    0.000000] IOAPIC[0]: apic_id 2, version 32, address 0xfec00000, GSI 0-23
[    0.000000] ACPI: INT_SRC_OVR (bus 0 bus_irq 0 global_irq 2 dfl dfl)
[    0.000000] ACPI: INT_SRC_OVR (bus 0 bus_irq 9 global_irq 9 low level)
[    0.000000] Using ACPI (MADT) for SMP configuration information
[    0.000000] smpboot: Allowing 2 CPUs, 0 hotplug CPUs
[    0.000000] PM: Registered nosave memory: [mem 0x00000000-0x00000fff]
[    0.000000] PM: Registered nosave memory: [mem 0x0009f000-0x0009ffff]
[    0.000000] PM: Registered nosave memory: [mem 0x000a0000-0x000effff]
[    0.000000] PM: Registered nosave memory: [mem 0x000f0000-0x000fffff]
[    0.000000] e820: [mem 0x40000000-0xfebfffff] available for PCI devices
[    0.000000] Booting paravirtualized kernel on KVM
[    0.000000] clocksource: refined-jiffies: mask: 0xffffffff max_cycles: 0xffffffff, max_idle_ns: 7645519600211568 ns
[    0.000000] setup_percpu: NR_CPUS:512 nr_cpumask_bits:512 nr_cpu_ids:2 nr_node_ids:1
[    0.000000] PERCPU: Embedded 33 pages/cpu @ffff88003fc00000 s95448 r8192 d31528 u1048576
[    0.000000] Built 1 zonelists in Node order, mobility grouping on.  Total pages: 257912
[    0.000000] Policy zone: DMA32
[    0.000000] Kernel command line: BOOT_IMAGE=/boot/vmlinuz-4.4.0-184-generic root=LABEL=cloudimg-rootfs ro console=tty1 console=ttyS0
[    0.000000] PID hash table entries: 4096 (order: 3, 32768 bytes)
[    0.000000] Memory: 997664K/1048120K available (8632K kernel code, 1336K rwdata, 4036K rodata, 1492K init, 1292K bss, 50456K reserved, 0K cma-reserved)
[    0.000000] SLUB: HWalign=64, Order=0-3, MinObjects=0, CPUs=2, Nodes=1
[    0.000000] Kernel/User page tables isolation: enabled
[    0.000000] Hierarchical RCU implementation.
[    0.000000] 	Build-time adjustment of leaf fanout to 64.
[    0.000000] 	RCU restricting CPUs from NR_CPUS=512 to nr_cpu_ids=2.
[    0.000000] RCU: Adjusting geometry for rcu_fanout_leaf=64, nr_cpu_ids=2
[    0.000000] NR_IRQS:33024 nr_irqs:440 16
[    0.000000] Console: colour VGA+ 80x25
[    0.000000] console [tty1] enabled
[    0.000000] console [ttyS0] enabled
[    0.000000] tsc: Detected 2592.000 MHz processor
[    0.125509] Calibrating delay loop (skipped) preset value.. 5184.00 BogoMIPS (lpj=10368000)
[    0.127113] pid_max: default: 32768 minimum: 301
[    0.127982] ACPI: Core revision 20150930
[    0.129404] ACPI: 2 ACPI AML tables successfully acquired and loaded
[    0.130689] Security Framework initialized
[    0.131451] Yama: becoming mindful.
[    0.132148] AppArmor: AppArmor initialized
[    0.133055] Dentry cache hash table entries: 131072 (order: 8, 1048576 bytes)
[    0.135054] Inode-cache hash table entries: 65536 (order: 7, 524288 bytes)
[    0.136312] Mount-cache hash table entries: 2048 (order: 2, 16384 bytes)
[    0.137507] Mountpoint-cache hash table entries: 2048 (order: 2, 16384 bytes)
[    0.138966] Initializing cgroup subsys io
[    0.139722] Initializing cgroup subsys memory
[    0.140527] Initializing cgroup subsys devices
[    0.141366] Initializing cgroup subsys freezer
[    0.142203] Initializing cgroup subsys net_cls
[    0.143041] Initializing cgroup subsys perf_event
[    0.143888] Initializing cgroup subsys net_prio
[    0.144709] Initializing cgroup subsys hugetlb
[    0.145968] Initializing cgroup subsys pids
[    0.148216] mce: CPU supports 0 MCE banks
[    0.149029] Last level iTLB entries: 4KB 64, 2MB 8, 4MB 8
[    0.150076] Last level dTLB entries: 4KB 64, 2MB 0, 4MB 0, 1GB 4
[    0.151127] Spectre V1 : Mitigation: usercopy/swapgs barriers and __user pointer sanitization
[    0.152682] Spectre V2 : Mitigation: Full generic retpoline
[    0.153742] Spectre V2 : Spectre v2 / SpectreRSB mitigation: Filling RSB on context switch
[    0.155294] Speculative Store Bypass: Vulnerable
[    0.156137] SRBDS: Unknown: Dependent on hypervisor status
[    0.157180] MDS: Mitigation: Clear CPU buffers
[    0.160043] Freeing SMP alternatives memory: 36K
[    0.165626] ftrace: allocating 32319 entries in 127 pages
[    0.212488] smpboot: APIC(0) Converting physical 0 to logical package 0
[    0.213999] smpboot: Max logical packages: 1
[    0.214996] x2apic enabled
[    0.215863] Switched APIC routing to physical x2apic.
[    0.217914] ..TIMER: vector=0x30 apic1=0 pin1=2 apic2=-1 pin2=-1
[    0.327066] smpboot: CPU0: Intel(R) Core(TM) i7-9750H CPU @ 2.60GHz (family: 0x6, model: 0x9e, stepping: 0xa)
[    0.329368] Performance Events: unsupported p6 CPU model 158 no PMU driver, software events only.
[    0.337759] KVM setup paravirtual spinlock
[    0.339366] x86: Booting SMP configuration:
[    0.340343] .... node  #0, CPUs:      #1
[    0.341441] kvm-clock: cpu 1, msr 0:3ffe3041, secondary cpu clock
[    0.343368] mce: CPU supports 0 MCE banks
[    0.345896] x86: Booted up 1 node, 2 CPUs
[    0.346805] smpboot: Total of 2 processors activated (10368.00 BogoMIPS)
[    0.348299] devtmpfs: initialized
[    0.350727] evm: security.selinux
[    0.351890] evm: security.SMACK64
[    0.352677] evm: security.SMACK64EXEC
[    0.353426] evm: security.SMACK64TRANSMUTE
[    0.354187] evm: security.SMACK64MMAP
[    0.354908] evm: security.ima
[    0.355526] evm: security.capability
[    0.356529] clocksource: jiffies: mask: 0xffffffff max_cycles: 0xffffffff, max_idle_ns: 7645041785100000 ns
[    0.358541] futex hash table entries: 512 (order: 3, 32768 bytes)
[    0.359768] pinctrl core: initialized pinctrl subsystem
[    0.360769] RTC time:  1:42:26, date: 06/24/20
[    0.361693] NET: Registered protocol family 16
[    0.371334] cpuidle: using governor ladder
[    0.384319] cpuidle: using governor menu
[    0.386068] PCCT header not found.
[    0.387208] ACPI: bus type PCI registered
[    0.388003] acpiphp: ACPI Hot Plug PCI Controller Driver version: 0.5
[    0.389234] PCI: Using configuration type 1 for base access
[    0.400429] ACPI: Added _OSI(Module Device)
[    0.401694] ACPI: Added _OSI(Processor Device)
[    0.402704] ACPI: Added _OSI(3.0 _SCP Extensions)
[    0.403761] ACPI: Added _OSI(Processor Aggregator Device)
[    0.405626] ACPI: Executed 1 blocks of module-level executable AML code
[    0.408340] ACPI: Interpreter enabled
[    0.409058] ACPI: (supports S0 S5)
[    0.409728] ACPI: Using IOAPIC for interrupt routing
[    0.410745] PCI: Using host bridge windows from ACPI; if necessary, use "pci=nocrs" and report a bug
[    0.415732] ACPI: PCI Root Bridge [PCI0] (domain 0000 [bus 00-ff])
[    0.416847] acpi PNP0A03:00: _OSC: OS supports [ASPM ClockPM Segments MSI]
[    0.418285] acpi PNP0A03:00: _OSC: not requesting OS control; OS requires [ExtendedConfig ASPM ClockPM MSI]
[    0.420176] acpi PNP0A03:00: fail to add MMCONFIG information, can't access extended PCI configuration space under this bridge.
[    0.422528] PCI host bridge to bus 0000:00
[    0.423303] pci_bus 0000:00: root bus resource [io  0x0000-0x0cf7 window]
[    0.424498] pci_bus 0000:00: root bus resource [io  0x0d00-0xffff window]
[    0.425670] pci_bus 0000:00: root bus resource [mem 0x000a0000-0x000bffff window]
[    0.427111] pci_bus 0000:00: root bus resource [mem 0x40000000-0xfdffffff window]
[    0.428575] pci_bus 0000:00: root bus resource [bus 00-ff]
[    0.431561] pci 0000:00:01.1: legacy IDE quirk: reg 0x10: [io  0x01f0-0x01f7]
[    0.432772] pci 0000:00:01.1: legacy IDE quirk: reg 0x14: [io  0x03f6]
[    0.433901] pci 0000:00:01.1: legacy IDE quirk: reg 0x18: [io  0x0170-0x0177]
[    0.441917] pci 0000:00:01.1: legacy IDE quirk: reg 0x1c: [io  0x0376]
[    0.452340] pci 0000:00:07.0: quirk: [io  0x4000-0x403f] claimed by PIIX4 ACPI
[    0.454045] pci 0000:00:07.0: quirk: [io  0x4100-0x410f] claimed by PIIX4 SMB
[    0.458398] ACPI: PCI Interrupt Link [LNKA] (IRQs 5 9 10 *11)
[    0.459846] ACPI: PCI Interrupt Link [LNKB] (IRQs 5 9 *10 11)
[    0.461386] ACPI: PCI Interrupt Link [LNKC] (IRQs 5 *9 10 11)
[    0.462959] ACPI: PCI Interrupt Link [LNKD] (IRQs 5 9 10 *11)
[    0.464395] ACPI: Enabled 2 GPEs in block 00 to 07
[    0.465481] vgaarb: setting as boot device: PCI:0000:00:02.0
[    0.466492] vgaarb: device added: PCI:0000:00:02.0,decodes=io+mem,owns=io+mem,locks=none
[    0.468014] vgaarb: loaded
[    0.468593] vgaarb: bridge control possible 0000:00:02.0
[    0.469679] SCSI subsystem initialized
[    0.470538] ACPI: bus type USB registered
[    0.471330] usbcore: registered new interface driver usbfs
[    0.472337] usbcore: registered new interface driver hub
[    0.473298] usbcore: registered new device driver usb
[    0.474337] PCI: Using ACPI for IRQ routing
[    0.476100] NetLabel: Initializing
[    0.476872] NetLabel:  domain hash size = 128
[    0.477696] NetLabel:  protocols = UNLABELED CIPSOv4
[    0.478656] NetLabel:  unlabeled traffic allowed by default
[    0.479777] amd_nb: Cannot enumerate AMD northbridges
[    0.480953] clocksource: Switched to clocksource kvm-clock
[    0.486950] AppArmor: AppArmor Filesystem Enabled
[    0.488045] pnp: PnP ACPI init
[    0.489532] pnp: PnP ACPI: found 3 devices
[    0.497885] clocksource: acpi_pm: mask: 0xffffff max_cycles: 0xffffff, max_idle_ns: 2085701024 ns
[    0.499610] NET: Registered protocol family 2
[    0.500497] TCP established hash table entries: 8192 (order: 4, 65536 bytes)
[    0.501746] TCP bind hash table entries: 8192 (order: 5, 131072 bytes)
[    0.502929] TCP: Hash tables configured (established 8192 bind 8192)
[    0.504034] UDP hash table entries: 512 (order: 2, 16384 bytes)
[    0.505077] UDP-Lite hash table entries: 512 (order: 2, 16384 bytes)
[    0.506551] NET: Registered protocol family 1
[    0.507713] pci 0000:00:00.0: Limiting direct PCI/PCI transfers
[    0.508986] pci 0000:00:01.0: Activating ISA DMA hang workarounds
[    0.510201] Unpacking initramfs...
[    0.678853] Freeing initrd memory: 14884K
[    0.680096] clocksource: tsc: mask: 0xffffffffffffffff max_cycles: 0x255cb6cc5db, max_idle_ns: 440795203504 ns
[    0.682885] platform rtc_cmos: registered platform RTC device (no PNP device found)
[    0.684402] Scanning for low memory corruption every 60 seconds
[    0.685905] audit: initializing netlink subsys (disabled)
[    0.687026] audit: type=2000 audit(1592962951.698:1): initialized
[    0.688292] Initialise system trusted keyring
[    0.689372] HugeTLB registered 2 MB page size, pre-allocated 0 pages
[    0.691305] zbud: loaded
[    0.692086] VFS: Disk quotas dquot_6.6.0
[    0.692852] VFS: Dquot-cache hash table entries: 512 (order 0, 4096 bytes)
[    0.694215] squashfs: version 4.0 (2009/01/31) Phillip Lougher
[    0.695417] fuse init (API version 7.23)
[    0.696268] Key type big_key registered
[    0.697102] Allocating IMA MOK and blacklist keyrings.
[    0.698976] Key type asymmetric registered
[    0.700151] Asymmetric key parser 'x509' registered
[    0.701063] Block layer SCSI generic (bsg) driver version 0.4 loaded (major 249)
[    0.702539] io scheduler noop registered
[    0.703368] io scheduler deadline registered (default)
[    0.704313] io scheduler cfq registered
[    0.705160] pci_hotplug: PCI Hot Plug PCI Core version: 0.5
[    0.706462] pciehp: PCI Express Hot Plug Controller Driver version: 0.4
[    0.707833] ACPI: AC Adapter [AC] (off-line)
[    0.708674] input: Power Button as /devices/LNXSYSTM:00/LNXPWRBN:00/input/input0
[    0.710096] ACPI: Power Button [PWRF]
[    0.710859] input: Sleep Button as /devices/LNXSYSTM:00/LNXSLPBN:00/input/input1
[    0.712231] ACPI: Sleep Button [SLPF]
[    0.713149] GHES: HEST is not enabled!
[    0.713916] ACPI: Battery Slot [BAT0] (battery present)
[    0.714987] Serial: 8250/16550 driver, 32 ports, IRQ sharing enabled
[    0.736577] 00:02: ttyS0 at I/O 0x3f8 (irq = 4, base_baud = 115200) is a 16550A
[    0.740433] Linux agpgart interface v0.103
[    0.742443] loop: module loaded
[    0.743467] scsi host0: ata_piix
[    0.744190] scsi host1: ata_piix
[    0.744857] ata1: PATA max UDMA/33 cmd 0x1f0 ctl 0x3f6 bmdma 0xd000 irq 14
[    0.746241] ata2: PATA max UDMA/33 cmd 0x170 ctl 0x376 bmdma 0xd008 irq 15
[    0.747777] libphy: Fixed MDIO Bus: probed
[    0.748814] tun: Universal TUN/TAP device driver, 1.6
[    0.749777] tun: (C) 1999-2004 Max Krasnyansky <maxk@qualcomm.com>
[    0.750946] PPP generic driver version 2.4.2
[    0.751799] ehci_hcd: USB 2.0 'Enhanced' Host Controller (EHCI) Driver
[    0.752920] ehci-pci: EHCI PCI platform driver
[    0.753920] ehci-platform: EHCI generic platform driver
[    0.754858] ohci_hcd: USB 1.1 'Open' Host Controller (OHCI) Driver
[    0.755934] ohci-pci: OHCI PCI platform driver
[    0.756753] ohci-platform: OHCI generic platform driver
[    0.757882] uhci_hcd: USB Universal Host Controller Interface driver
[    0.759217] i8042: PNP: PS/2 Controller [PNP0303:PS2K,PNP0f03:PS2M] at 0x60,0x64 irq 1,12
[    0.761078] serio: i8042 KBD port at 0x60,0x64 irq 1
[    0.762013] serio: i8042 AUX port at 0x60,0x64 irq 12
[    0.763087] mousedev: PS/2 mouse device common for all mice
[    0.764355] input: AT Translated Set 2 keyboard as /devices/platform/i8042/serio0/input/input2
[    0.766382] rtc_cmos rtc_cmos: rtc core: registered rtc_cmos as rtc0
[    0.767525] rtc_cmos rtc_cmos: alarms up to one day, 114 bytes nvram
[    0.768632] i2c /dev entries driver
[    0.769415] device-mapper: uevent: version 1.0.3
[    0.770687] device-mapper: ioctl: 4.34.0-ioctl (2015-10-28) initialised: dm-devel@redhat.com
[    0.772217] ledtrig-cpu: registered to indicate activity on CPUs
[    0.773569] NET: Registered protocol family 10
[    0.774510] NET: Registered protocol family 17
[    0.775328] Key type dns_resolver registered
[    0.776368] registered taskstats version 1
[    0.777148] Loading compiled-in X.509 certificates
[    0.778447] Loaded X.509 cert 'Build time autogenerated kernel key: b6ae09eed57f82583ccd3c65c463e852cdd7a0b5'
[    0.780200] zswap: loaded using pool lzo/zbud
[    0.782489] Key type trusted registered
[    0.785641] Key type encrypted registered
[    0.786753] AppArmor: AppArmor sha1 policy hashing enabled
[    0.787715] ima: No TPM chip found, activating TPM-bypass!
[    0.788744] ima: Allocated hash algorithm: sha1
[    0.789649] evm: HMAC attrs: 0x1
[    0.790558]   Magic number: 8:590:711
[    0.791375] rtc_cmos rtc_cmos: setting system clock to 2020-06-24 01:42:27 UTC (1592962947)
[    0.793008] BIOS EDD facility v0.16 2004-Jun-25, 0 devices found
[    0.794175] EDD information not available.
[    0.925764] Freeing unused kernel memory: 1492K
[    0.927199] Write protecting the kernel read-only data: 14336k
[    0.928671] Freeing unused kernel memory: 1596K
[    0.929795] Freeing unused kernel memory: 60K
Loading, please wait...
starting version 229
[    0.940771] random: systemd-udevd: uninitialized urandom read (16 bytes read, 1 bits of entropy available)
[    0.940938] random: udevadm: uninitialized urandom read (16 bytes read, 1 bits of entropy available)
[    0.940952] random: udevadm: uninitialized urandom read (16 bytes read, 1 bits of entropy available)
[    0.946874] random: systemd-udevd: uninitialized urandom read (16 bytes read, 1 bits of entropy available)
[    0.947240] random: udevadm: uninitialized urandom read (16 bytes read, 1 bits of entropy available)
[    0.947306] random: udevadm: uninitialized urandom read (16 bytes read, 1 bits of entropy available)
[    0.947415] random: udevadm: uninitialized urandom read (16 bytes read, 1 bits of entropy available)
[    0.947449] random: udevadm: uninitialized urandom read (16 bytes read, 1 bits of entropy available)
[    0.947485] random: udevadm: uninitialized urandom read (16 bytes read, 1 bits of entropy available)
[    0.947519] random: udevadm: uninitialized urandom read (16 bytes read, 1 bits of entropy available)
[    0.986608] e1000: Intel(R) PRO/1000 Network Driver - version 7.3.21-k8-NAPI
[    0.988402] e1000: Copyright (c) 1999-2006 Intel Corporation.
[    0.992691] Fusion MPT base driver 3.04.20
[    0.993611] Copyright (c) 1999-2008 LSI Corporation
[    1.004649] AVX2 version of gcm_enc/dec engaged.
[    1.005591] AES CTR mode by8 optimization enabled
[    1.007616] Fusion MPT SPI Host driver 3.04.20
[    1.197329] input: ImExPS/2 Generic Explorer Mouse as /devices/platform/i8042/serio1/input/input4
[    1.363981] e1000 0000:00:03.0 eth0: (PCI:33MHz:32-bit) 02:da:92:60:70:7f
[    1.366046] e1000 0000:00:03.0 eth0: Intel(R) PRO/1000 Network Connection
[    1.368228] mptbase: ioc0: Initiating bringup
[    1.368455] e1000 0000:00:03.0 enp0s3: renamed from eth0
[    1.997615] ioc0: LSI53C1030 A0: Capabilities={Initiator}
[    3.983816] scsi host2: ioc0: LSI53C1030 A0, FwRev=00000000h, Ports=1, MaxQ=256, IRQ=20
[    5.522918] scsi 2:0:0:0: Direct-Access     VBOX     HARDDISK         1.0  PQ: 0 ANSI: 5
[    5.525897] scsi target2:0:0: Beginning Domain Validation
[    5.528883] scsi target2:0:0: Domain Validation skipping write tests
[    5.530439] scsi target2:0:0: Ending Domain Validation
[    5.531772] scsi target2:0:0: asynchronous
[    5.533436] scsi 2:0:1:0: Direct-Access     VBOX     HARDDISK         1.0  PQ: 0 ANSI: 5
[    5.535487] scsi target2:0:1: Beginning Domain Validation
[    5.538408] scsi target2:0:1: Domain Validation skipping write tests
[    5.539993] scsi target2:0:1: Ending Domain Validation
[    5.549690] scsi target2:0:1: asynchronous
[    5.555823] sd 2:0:0:0: Attached scsi generic sg0 type 0
[    5.557170] sd 2:0:0:0: [sda] 20971520 512-byte logical blocks: (10.7 GB/10.0 GiB)
[    5.559268] sd 2:0:1:0: Attached scsi generic sg1 type 0
[    5.560443] sd 2:0:1:0: [sdb] 20480 512-byte logical blocks: (10.5 MB/10.0 MiB)
[    5.561231] sd 2:0:0:0: [sda] Write Protect is off
[    5.561340] sd 2:0:0:0: [sda] Incomplete mode parameter data
[    5.561341] sd 2:0:0:0: [sda] Assuming drive cache: write through
[    5.566080] sd 2:0:1:0: [sdb] Write Protect is off
[    5.566360]  sda: sda1
[    5.566890] sd 2:0:0:0: [sda] Attached SCSI disk
[    5.569087] sd 2:0:1:0: [sdb] Incomplete mode parameter data
[    5.570278] sd 2:0:1:0: [sdb] Assuming drive cache: write through
[    5.573857] sd 2:0:1:0: [sdb] Attached SCSI disk
Begin: Loading essential drivers ... [    6.813495] md: linear personality registered for level -1
[    6.816719] md: multipath personality registered for level -4
[    6.819793] md: raid0 personality registered for level 0
[    6.823623] md: raid1 personality registered for level 1
[    6.893079] raid6: sse2x1   gen() 14236 MB/s
[    6.961029] raid6: sse2x1   xor() 10465 MB/s
[    7.029174] raid6: sse2x2   gen() 17472 MB/s
[    7.097125] raid6: sse2x2   xor() 12144 MB/s
[    7.165196] raid6: sse2x4   gen() 20010 MB/s
[    7.232993] raid6: sse2x4   xor() 11989 MB/s
[    7.301092] raid6: avx2x1   gen() 25028 MB/s
[    7.369347] raid6: avx2x2   gen() 31294 MB/s
[    7.437182] raid6: avx2x4   gen() 35698 MB/s
[    7.438100] raid6: using algorithm avx2x4 gen() 35698 MB/s
[    7.439324] raid6: using avx2x2 recovery algorithm
[    7.441782] xor: automatically using best checksumming function:
[    7.481164]    avx       : 43836.000 MB/sec
[    7.483165] async_tx: api initialized (async)
[    7.490298] md: raid6 personality registered for level 6
[    7.491345] md: raid5 personality registered for level 5
[    7.492336] md: raid4 personality registered for level 4
[    7.497394] md: raid10 personality registered for level 10
done.
Begin: Running /scripts/init-premount ... done.
Begin: Mounting root file system ... Begin: Running /scripts/local-top ... done.
Begin: Running /scripts/local-premount ... [    7.519958] Btrfs loaded
Scanning for Btrfs filesystems
done.
Warning: fsck not present, so skipping root file system
[    7.539343] EXT4-fs (sda1): INFO: recovery required on readonly filesystem
[    7.540592] EXT4-fs (sda1): write access will be enabled during recovery
[    7.593436] EXT4-fs (sda1): recovery complete
[    7.594661] EXT4-fs (sda1): mounted filesystem with ordered data mode. Opts: (null)
done.
Begin: Running /scripts/local-bottom ... done.
Begin: Running /scripts/init-bottom ... done.
[    7.658703] systemd[1]: systemd 229 running in system mode. (+PAM +AUDIT +SELINUX +IMA +APPARMOR +SMACK +SYSVINIT +UTMP +LIBCRYPTSETUP +GCRYPT +GNUTLS +ACL +XZ -LZ4 +SECCOMP +BLKID +ELFUTILS +KMOD -IDN)
[    7.661778] systemd[1]: Detected virtualization oracle.
[    7.662711] systemd[1]: Detected architecture x86-64.

Welcome to [1mUbuntu 16.04.6 LTS[0m!

[    7.665183] systemd[1]: Set hostname to <ubuntu-xenial>.
[    7.778761] systemd[1]: Listening on Device-mapper event daemon FIFOs.
[[0;32m  OK  [0m] Listening on Device-mapper event daemon FIFOs.
[    7.781037] systemd[1]: Listening on Syslog Socket.
[[0;32m  OK  [0m] Listening on Syslog Socket.
[    7.782775] systemd[1]: Reached target System Time Synchronized.
[[0;32m  OK  [0m] Reached target System Time Synchronized.
[    7.784832] systemd[1]: Listening on Journal Socket.
[[0;32m  OK  [0m] Listening on Journal Socket.
[    8.091066] systemd[1]: Reached target Swap.
[[0;32m  OK  [0m] Reached target Swap.
[    8.093339] systemd[1]: Listening on udev Kernel Socket.
[[0;32m  OK  [0m] Listening on udev Kernel Socket.
[    8.095476] systemd[1]: Listening on Journal Socket (/dev/log).
[[0;32m  OK  [0m] Listening on Journal Socket (/dev/log).
[    8.097827] systemd[1]: Created slice User and Session Slice.
[[0;32m  OK  [0m] Created slice User and Session Slice.
[    8.350057] systemd[1]: Listening on Journal Audit Socket.
[[0;32m  OK  [0m] Listening on Journal Audit Socket.
[    8.352434] systemd[1]: Reached target Encrypted Volumes.
[[0;32m  OK  [0m] Reached target Encrypted Volumes.
[    8.354830] systemd[1]: Created slice System Slice.
[[0;32m  OK  [0m] Created slice System Slice.
[    8.369686] systemd[1]: Mounting POSIX Message Queue File System...
         Mounting POSIX Message Queue File System...
[    8.373000] systemd[1]: Mounting Huge Pages File System...
         Mounting Huge Pages File System...
[    8.377224] systemd[1]: Starting Load Kernel Modules...
         Starting Load Kernel Modules...
[    8.379630] systemd[1]: Starting Nameserver information manager...
         Starting Nameserver information manager...
[    8.383142] systemd[1]: Starting Uncomplicated firewall...
         Starting Uncomplicated firewall...
[    8.386041] systemd[1]: Created slice system-serial\x2dgetty.slice.
[    8.387626] Loading iSCSI transport class v2.0-870.
[[0;32m  OK  [0m] Created slice system-serial\x2dgetty.slice.
[    8.389977] systemd[1]: Starting Set console keymap...
         Starting Set console keymap...
[    8.392121] systemd[1]: Listening on LVM2 metadata daemon socket.
[[0;32m  OK  [0m] Listening on LVM2 metadata daemon socket.
[    8.395141] iscsi: registered transport (tcp)
[    8.395491] systemd[1]: Starting Create list of required static device nodes for the current kernel...
         Starting Create list of required st... nodes for the current kernel...
[    8.400525] systemd[1]: Started Trigger resolvconf update for networkd DNS.
[[0;32m  OK  [0m] Started Trigger resolvconf update for networkd DNS.
[    8.404013] systemd[1]: Listening on udev Control Socket.
[[0;32m  OK  [0m] Listening on udev Control Socket.
[    8.406938] systemd[1]: Listening on /dev/initctl Compatibility Named Pipe.
[[0;32m  OK  [0m] Listening on /dev/initctl Compatibility Named Pipe.
[    8.409654] systemd[1]: Started Forward Password Requests to Wall Directory Watch.
[[0;32m  OK  [0m] Started Forward Password Requests to Wall Directory Watch.
[    8.412464] systemd[1]: Reached target Slices.
[[0;32m  OK  [0m] Reached target Slices.
[    8.414274] systemd[1]: Set up automount Arbitrary Executable File Formats File System Automount Point.
[[0;32m  OK  [0m] Set up automount Arbitrary Executab...ats File System Automount Point.
[    8.431302] iscsi: registered transport (iser)
[    8.433127] systemd[1]: Mounting Debug File System...
         Mounting Debug File System...
[    8.434883] systemd[1]: Listening on LVM2 poll daemon socket.
[[0;32m  OK  [0m] Listening on LVM2 poll daemon socket.
[    8.437595] systemd[1]: Reached target User and Group Name Lookups.
[[0;32m  OK  [0m] Reached target User and Group Name Lookups.
[    8.440738] systemd[1]: Starting Journal Service...
         Starting Journal Service...
[    8.442992] systemd[1]: Starting Remount Root and Kernel File Systems...
         Starting Remount Root and Kernel File Systems...
[    8.445849] systemd[1]: Starting Monitoring of LVM2 mirrors, snapshots etc. using dmeventd or progress polling...
[    8.447918] EXT4-fs (sda1): re-mounted. Opts: (null)
         Starting Monitoring of LVM2 mirrors... dmeventd or progress polling...
[    8.450885] systemd[1]: Mounted Debug File System.
[[0;32m  OK  [0m] Mounted Debug File System.
[    8.452812] systemd[1]: Mounted POSIX Message Queue File System.
[[0;32m  OK  [0m] Mounted POSIX Message Queue File System.
[    8.455104] systemd[1]: Mounted Huge Pages File System.
[[0;32m  OK  [0m] [    8.456597] random: nonblocking pool is initialized
Mounted Huge Pages File System.
[    8.459129] systemd[1]: Started Load Kernel Modules.
[[0;32m  OK  [0m] Started Load Kernel Modules.
[    8.461739] systemd[1]: Started Uncomplicated firewall.
[[0;32m  OK  [0m] Started Uncomplicated firewall.
[    8.464120] systemd[1]: Started Set console keymap.
[[0;32m  OK  [0m] Started Set console keymap.
[    8.467135] systemd[1]: Started Create list of required static device nodes for the current kernel.
[[0;32m  OK  [0m] Started Create list of required sta...ce nodes for the current kernel.
[    8.471002] systemd[1]: Started Remount Root and Kernel File Systems.
[[0;32m  OK  [0m] Started Remount Root and Kernel File Systems.
[    8.473560] systemd[1]: Started Nameserver information manager.
[[0;32m  OK  [0m] Started Nameserver information manager.
[    8.477448] systemd[1]: Started Journal Service.
[[0;32m  OK  [0m] Started Journal Service.
[[0;32m  OK  [0m] Started LVM2 metadata daemon.
         Starting Flush Journal to Persistent Storage...
         Starting Load/Save Random Seed...
         Starting udev Coldplug all Devices...
         Starting Create Static Device Nodes in /dev...
         Starting Apply Kernel Variables...
         Mounting FUSE Control File System...
[[0;32m  OK  [0m] Mounted FUSE Control File System.
[[0;32m  OK  [0m] Started Load/Save Random Seed.
[[0;32m  OK  [0m] Started Apply Kernel Variables.
[[0;32m  OK  [0m] Started Flush Journal to Persistent Storage.
[[0;32m  OK  [0m] Started Create Static Device Nodes in /dev.
         Starting udev Kernel Device Manager...
[[0;32m  OK  [0m] Started udev Kernel Device Manager.
[[0;32m  OK  [0m] Started udev Coldplug all Devices.
[[0;32m  OK  [0m] Started Dispatch Password Requests to Console Directory Watch.
[[0;32m  OK  [0m] Found device /dev/ttyS0.
[[0;32m  OK  [0m] Listening on Load/Save RF Kill Switch Status /dev/rfkill Watch.
[[0;32m  OK  [0m] Found device 82540EM Gigabit Ethern...r (PRO/1000 MT Desktop Adapter).
[[0;32m  OK  [0m] Started Monitoring of LVM2 mirrors,...ng dmeventd or progress polling.
[[0;32m  OK  [0m] Reached target Local File Systems (Pre).
[[0;32m  OK  [0m] Reached target Local File Systems.
         Starting Initial cloud-init job (pre-networking)...
         Starting Set console font and keymap...
         Starting LSB: AppArmor initialization...
         Starting Tell Plymouth To Write Out Runtime Data...
         Starting Create Volatile Files and Directories...
[[0;32m  OK  [0m] Started Create Volatile Files and Directories.
         Starting Update UTMP about System Boot/Shutdown...
[[0;32m  OK  [0m] Started Tell Plymouth To Write Out Runtime Data.
[[0;32m  OK  [0m] Started Update UTMP about System Boot/Shutdown.
[[0;32m  OK  [0m] Started LSB: AppArmor initialization.
[[0;32m  OK  [0m] Started Set console font and keymap.
[[0;32m  OK  [0m] Created slice system-getty.slice.
[    9.559569] cloud-init[615]: Cloud-init v. 19.4-33-gbb4131a2-0ubuntu1~16.04.1 running 'init-local' at Wed, 24 Jun 2020 01:42:36 +0000. Up 9.35 seconds.
[[0;32m  OK  [0m] Started Initial cloud-init job (pre-networking).
[[0;32m  OK  [0m] Reached target Network (Pre).
         Starting Raise network interfaces...
[[0;32m  OK  [0m] Started ifup for enp0s3.
[[0;32m  OK  [0m] Started Raise network interfaces.
         Starting Initial cloud-init job (metadata service crawler)...
[[0;32m  OK  [0m] Reached target Network.
[   10.235290] cloud-init[982]: Cloud-init v. 19.4-33-gbb4131a2-0ubuntu1~16.04.1 running 'init' at Wed, 24 Jun 2020 01:42:36 +0000. Up 10.02 seconds.
[   10.244859] cloud-init[982]: ci-info: ++++++++++++++++++++++++++++++++++++++Net device info++++++++++++++++++++++++++++++++++++++
[   10.252720] cloud-init[982]: ci-info: +--------+------+----------------------------+---------------+--------+-------------------+
[   10.260733] cloud-init[982]: ci-info: | Device |  Up  |          Address           |      Mask     | Scope  |     Hw-Address    |
[   10.262778] cloud-init[982]: ci-info: +--------+------+----------------------------+---------------+--------+-------------------+
[   10.264807] cloud-init[982]: ci-info: | enp0s3 | True |         10.0.2.15          | 255.255.255.0 | global | 02:da:92:60:70:7f |
[   10.267301] cloud-init[982]: ci-info: | enp0s3 | True | fe80::da:92ff:fe60:707f/64 |       .       |  link  | 02:da:92:60:70:7f |
[   10.272721] cloud-init[982]: ci-info: |   lo   | True |         127.0.0.1          |   255.0.0.0   |  host  |         .         |
[   10.274054] cloud-init[982]: ci-info: |   lo   | True |          ::1/128           |       .       |  host  |         .         |
[   10.276551] cloud-init[982]: ci-info: +--------+------+----------------------------+---------------+--------+-------------------+
[   10.278602] cloud-init[982]: ci-info: +++++++++++++++++++++++++++Route IPv4 info++++++++++++++++++++++++++++
[   10.284648] cloud-init[982]: ci-info: +-------+-------------+----------+---------------+-----------+-------+
[   10.287014] cloud-init[982]: ci-info: | Route | Destination | Gateway  |    Genmask    | Interface | Flags |
[   10.292827] cloud-init[982]: ci-info: +-------+-------------+----------+---------------+-----------+-------+
[   10.296575] cloud-init[982]: ci-info: |   0   |   0.0.0.0   | 10.0.2.2 |    0.0.0.0    |   enp0s3  |   UG  |
[   10.298720] cloud-init[982]: ci-info: |   1   |   10.0.2.0  | 0.0.0.0  | 255.255.255.0 |   enp0s3  |   U   |
[   10.304554] cloud-init[982]: ci-info: +-------+-------------+----------+---------------+-----------+-------+
[   10.312477] [cloud-init[0;32m  OK  [0m[982]: ] ci-info: +++++++++++++++++++Route IPv6 info+++++++++++++++++++Started Initial cloud-init job (metadata service crawler).

[   10.313108] [[0;32m  OK  [0m] Reached target System Initialization.
         Starting Socket activation for snappy daemon.
[[0;32m  OK  [0m] Listening on D-Bus System Message Bus Socket.
[[0;32m  OK  [0m] Listening on UUID daemon activation socket.
[[0;32m  OK  [0m] Started Daily Cleanup of Temporary Directories.
cloud-init[982]: ci-info: +-------+-------------+---------+-----------+-------+
[   10.319546]          Starting LXD - unix socket.
cloud-init[982]: ci-info: | Route | Destination | Gateway | Interface | Flags |
[   10.321653] [[0;32m  OK  [0m] Started ACPI Events Check.
[[0;32m  OK  [0m] Reached target Paths.
cloud-init[[0;32m  OK  [0m] Started Daily apt download activities.
[[0;32m  OK  [0m] Started Daily apt upgrade and clean activities.
[[0;32m  OK  [0m] Listening on ACPID Listen Socket.
[[0;32m  OK  [0m] Started Message of the Day.
[[0;32m  OK  [0m] Reached target Timers.
[[0;32m  OK  [0m] Reached target Cloud-config availability.
[[0;32m  OK  [0m] Reached target Network is Online.
[982]: ci-info: +-------+-------------+---------+-----------+-------+
[   10.330454] cloud-init[982]: ci-info: |   0   |  fe80::/64  |    ::   |   enp0s3  |   U   |
[   10.332358] cloud-init[982]: ci-info: |   3   |   ff00::/8  |    ::   |   enp0s3  |   U   |
[   10.334177] cloud-init[982]: ci-info: +-------+-------------+---------+-----------+-------+
         Starting iSCSI initiator daemon (iscsid)...
[[0;32m  OK  [0m] Listening on Socket activation for snappy daemon.
[[0;32m  OK  [0m] Listening on LXD - unix socket.
[[0;32m  OK  [0m] Reached target Sockets.
[[0;32m  OK  [0m] Reached target Basic System.
         Starting Message of the Day...
         Starting Accounts Service...
         Starting System Logging Service...
[[0;32m  OK  [0m] Started ACPI event daemon.
         Starting LSB: Record successful boot for GRUB...
         Starting /etc/rc.local Compatibility...
         Starting Virtualbox guest utils...
         Starting LSB: MD monitoring daemon...
[[0;32m  OK  [0m] Started Deferred execution scheduler.
         Starting Login Service...
[[0;32m  OK  [0m] Started D-Bus System Message Bus.
[[0;32m  OK  [0m] Started FUSE filesystem for LXC.
[[0;32m  OK  [0m] Started Regular background program processing daemon.
         Starting LXD - container startup/shutdown...
         Starting Snappy daemon...
         Starting OpenBSD Secure Shell server...
[[0;32m  OK  [0m] Started System Logging Service.
[[0;32m  OK  [0m] Started iSCSI initiator daemon (iscsid).
[[0;32m  OK  [0m] Started /etc/rc.local Compatibility.
         Starting Authenticate and Authorize Users to Run Privileged Tasks...
         Starting Login to default iSCSI targets...
[[0;32m  OK  [0m] Started LSB: Record successful boot for GRUB.
[[0;32m  OK  [0m] Started Login Service.
[[0;32m  OK  [0m] Started Unattended Upgrades Shutdown.
[[0;32m  OK  [0m] Started LSB: MD monitoring daemon.
[[0;32m  OK  [0m] Started OpenBSD Secure Shell server.
[[0;32m  OK  [0m] Started Authenticate and Authorize Users to Run Privileged Tasks.
[[0;32m  OK  [0m] Started Accounts Service.
[[0;32m  OK  [0m] Started Login to default iSCSI targets.
[[0;32m  OK  [0m] Reached target Remote File Systems (Pre).
[[0;32m  OK  [0m] Reached target Remote File Systems.
         Starting LSB: daemon to balance interrupts for SMP systems...
         Starting Permit User Sessions...
         Starting LSB: Set the CPU Frequency Scaling governor to "ondemand"...
         Starting LSB: automatic crash report generation...
[[0;32m  OK  [0m] Started Permit User Sessions.
         Starting Hold until boot process finishes up...
         Starting Terminate Plymouth Boot Screen...
[[0;32m  OK  [0m] Started Hold until boot process finishes up.
[[0;32m  OK  [0m] Started Terminate Plymouth Boot Screen.
[[0;32m  OK  [0m] Started Serial Getty on ttyS0.
[[0;32m  OK  [0m] Started Getty on tty1.
[[0;32m  OK  [0m] Reached target Login Prompts.
         Starting Set console scheme...
[[0;32m  OK  [0m] Started Virtualbox guest utils.
[[0;32m  OK  [0m] Started Set console scheme.
[[0;32m  OK  [0m] Started LSB: automatic crash report generation.
[[0;32m  OK  [0m] Started LSB: Set the CPU Frequency Scaling governor to "ondemand".
[[0;32m  OK  [0m] Started LSB: daemon to balance interrupts for SMP systems.
[[0;32m  OK  [0m] Started LXD - container startup/shutdown.
[[0;32m  OK  [0m] Started Snappy daemon.
         Starting Wait until snapd is fully seeded...
[[0;32m  OK  [0m] Started Wait until snapd is fully seeded.
         Starting Apply the settings specified in cloud-config...
[[0;32m  OK  [0m] Reached target Multi-User System.
[[0;32m  OK  [0m] Reached target Graphical Interface.
         Starting Update UTMP about System Runlevel Changes...
[[0;32m  OK  [0m] Started Update UTMP about System Runlevel Changes.
[   11.101555] cloud-init[1266]: Cloud-init v. 19.4-33-gbb4131a2-0ubuntu1~16.04.1 running 'modules:config' at Wed, 24 Jun 2020 01:42:37 +0000. Up 11.03 seconds.
[[0;32m  OK  [0m] Started Apply the settings specified in cloud-config.
         Starting Execute cloud user/final scripts...
[   11.410870] cloud-init[1284]: Cloud-init v. 19.4-33-gbb4131a2-0ubuntu1~16.04.1 running 'modules:final' at Wed, 24 Jun 2020 01:42:38 +0000. Up 11.34 seconds.
[   11.413158] cloud-init[1284]: Cloud-init v. 19.4-33-gbb4131a2-0ubuntu1~16.04.1 finished at Wed, 24 Jun 2020 01:42:38 +0000. Datasource DataSourceNoCloud [seed=/dev/sdb][dsmode=net].  Up 11.40 seconds
[[0;32m  OK  [0m] Started Execute cloud user/final scripts.
[[0;32m  OK  [0m] Reached target Cloud-init target.
[[0;32m  OK  [0m] Created slice User Slice of vagrant.
         Starting User Manager for UID 1000...
[[0;32m  OK  [0m] Started Session 1 of user vagrant.
[[0;32m  OK  [0m] Started User Manager for UID 1000.

Ubuntu 16.04.6 LTS ubuntu-xenial ttyS0

ubuntu-xenial login: 